// Jest Snapshot v1, https://goo.gl/fbAQLP

exports[`GraphContainer should render 1`] = `
<div
  class="sc-AxjAm iIQfHV"
>
  <div
    class="chartData"
    id="chartId"
  >
    <svg
      viewBox="0,0,500,500"
    >
      <g
        transform="translate(250,250)"
      >
        <g
          stroke="#000"
          stroke-width="1.5"
        />
        <g
          stroke="#fff"
          stroke-width="1.5"
        />
      </g>
    </svg>
  </div>
</div>
`;
