// Jest Snapshot v1, https://goo.gl/fbAQLP

exports[`PageResults component should render 1`] = `
<div
  class="sc-AxjAm eLTCfx"
>
  <div
    class="sc-AxiKw jOUsNA"
  >
    <div
      class="sc-AxirZ epZuHH"
    >
      Please select one venue to see similar spots
    </div>
  </div>
  <div
    class="sc-AxgMl ihzjTA"
  >
     
    <div
      class="sc-AxhUy gHEPPx"
    >
      <div
        class="sc-AxhCb jCFzct"
      >
        Similar venues:
      </div>
      <div
        class="sc-AxiKw jOUsNA"
      />
      <div
        class="sc-AxiKw jOUsNA"
      >
        Graph powered by d3
      </div>
    </div>
     
    <div
      class="sc-AxheI iAyAiX"
    >
      <div
        class="chartData"
        id="chartId"
      >
        <svg
          viewBox="0,0,400,400"
        >
          <g
            transform="translate(200,200)"
          >
            <g
              stroke="#000"
              stroke-width="1.5"
            />
            <g
              stroke="#fff"
              stroke-width="1.5"
            />
          </g>
        </svg>
      </div>
    </div>
  </div>
</div>
`;
