// Jest Snapshot v1, https://goo.gl/fbAQLP

exports[`PageResults component should render 1`] = `
<div
  class="sc-AxjAm eLTCfx"
>
  <div
    class="sc-AxiKw jOUsNA"
  >
    <div
      class="sc-AxirZ epZuHH"
    >
      Please select one venue to see similar spots
    </div>
  </div>
  <div
    class="sc-AxgMl ihzjTA"
  >
     
    <div
      class="sc-AxhUy gHEPPx"
    >
      <div
        class="sc-AxhCb jCFzct"
      >
        Similar venues:
      </div>
      <div
        class="sc-AxiKw jOUsNA"
      />
    </div>
     
    <div
      class="sc-AxheI iAyAiX"
    >
      <div
        class="chartData"
      >
        <svg
          viewBox="0,0,400,400"
        >
          <g
            stroke="#999"
            strokeOpacity="0.6"
          >
            <line
              strokeWidth="500"
            />
            <line
              strokeWidth="500"
            />
          </g>
          <g
            stroke="#fff"
            strokeWidth="1.5"
          >
            <circle
              fill="#1f77b4"
              r="10"
            />
            <circle
              fill="#1f77b4"
              r="10"
            />
            <circle
              fill="#1f77b4"
              r="10"
            />
          </g>
          <text
            dx="12"
            dy="0.35em"
          />
          <text
            dx="12"
            dy="0.35em"
          />
          <text
            dx="12"
            dy="0.35em"
          />
        </svg>
      </div>
    </div>
  </div>
</div>
`;
